dataset   : dvs128  root=/local_disk/puru/DVS128Gesture
encoding  : passthrough  T=16  resize_to=64
search    : 25 trials x 40 epochs  space=uniform  gpu_fraction=0.25
objective : accuracy 

[stream] dataset   : dvs128  root=/local_disk/puru/DVS128Gesture
encoding  : passthrough  T=16  resize_to=64
search    : 25 trials x 40 epochs  space=uniform  gpu_fraction=0.25
objective : accuracy
[I 2026-08-27 20:26:08,067] A new study created in memory with name: optuna
[stream] gpu_fraction=0.25 -> up to 4 trials share one card
/local_disk/puru/miniconda3/envs/myenv/lib/python3.9/site-packages/ray/tune/impl/tuner_internal.py:144: RayDeprecationWarning: The `RunConfig` class should be imported from `ray.tune` when passing it to the Tuner. Please update your imports. See this issue for more context and migration options: https://github.com/ray-project/ray/issues/49454. Disable these warnings by setting the environment variable: RAY_TRAIN_ENABLE_V2_MIGRATION_WARNINGS=0
  _log_deprecation_warning(
2026-08-27 20:26:12,447	INFO worker.py:2012 -- Started a local Ray instance.
/local_disk/puru/miniconda3/envs/myenv/lib/python3.9/site-packages/ray/_private/worker.py:2051: FutureWarning: Tip: In future versions of Ray, Ray will no longer override accelerator visible devices env var if num_gpus=0 or num_gpus=None (default). To enable this behavior and turn off this error message, set RAY_ACCEL_ENV_VAR_OVERRIDE_ON_ZERO=0
  warnings.warn(
2026-08-27 20:26:15,144	INFO tune.py:253 -- Initializing Ray automatically. For cluster usage or custom Ray initialization, call `ray.init(...)` before `Tuner(...)`.
Traceback (most recent call last):
  File "/Volumes/export/isn/puru/myprojects/configurable-snn-classifier/main.py", line 21, in <module>
    raise SystemExit(main())
  File "/Volumes/export/isn/puru/myprojects/configurable-snn-classifier/snnsearch/cli.py", line 116, in main
    return run_search_mode(cfg)
  File "/Volumes/export/isn/puru/myprojects/configurable-snn-classifier/snnsearch/pipeline.py", line 123, in run_search_mode
    run_search(cfg, out)
  File "/Volumes/export/isn/puru/myprojects/configurable-snn-classifier/snnsearch/search.py", line 91, in run_search
    results = tuner.fit()
  File "/local_disk/puru/miniconda3/envs/myenv/lib/python3.9/site-packages/ray/tune/tuner.py", line 345, in fit
    return self._local_tuner.fit()
  File "/local_disk/puru/miniconda3/envs/myenv/lib/python3.9/site-packages/ray/tune/impl/tuner_internal.py", line 506, in fit
    analysis = self._fit_internal(trainable, param_space)
  File "/local_disk/puru/miniconda3/envs/myenv/lib/python3.9/site-packages/ray/tune/impl/tuner_internal.py", line 622, in _fit_internal
    analysis = run(
  File "/local_disk/puru/miniconda3/envs/myenv/lib/python3.9/site-packages/ray/tune/tune.py", line 614, in run
    air_verbosity = get_air_verbosity(verbose)
  File "/local_disk/puru/miniconda3/envs/myenv/lib/python3.9/site-packages/ray/tune/experimental/output.py", line 123, in get_air_verbosity
    verbose_int = verbose if isinstance(verbose, int) else verbose.value
AttributeError: 'str' object has no attribute 'value'
